// Jest Snapshot v1, https://goo.gl/fbAQLP

exports[`renders app correctly 1`] = `
Object {
  "asFragment": [Function],
  "baseElement": <body>
    <div>
      <div
        class="MuiContainer-root MuiContainer-maxWidthLg MuiContainer-disableGutters css-1o99m2q-MuiContainer-root"
        data-testid="app-root"
      >
        <header
          class="MuiPaper-root MuiPaper-elevation MuiPaper-elevation4 MuiAppBar-root MuiAppBar-colorPrimary MuiAppBar-positionStatic css-qcvv0j-MuiPaper-root-MuiAppBar-root"
          style="--Paper-shadow: 0px 2px 4px -1px rgba(0,0,0,0.2),0px 4px 5px 0px rgba(0,0,0,0.14),0px 1px 10px 0px rgba(0,0,0,0.12); --Paper-overlay: linear-gradient(rgba(255, 255, 255, 0.092), rgba(255, 255, 255, 0.092));"
        >
          <div
            class="MuiToolbar-root MuiToolbar-gutters MuiToolbar-regular css-11k1kgo-MuiToolbar-root"
          >
            <h6
              class="MuiTypography-root MuiTypography-h6 css-1xhyl9q-MuiTypography-root"
            >
              BrowserBot
            </h6>
            <div
              class="MuiBox-root css-i9gxme"
            >
              <div
                class="MuiTabs-root css-jhczcq-MuiTabs-root"
              >
                <div
                  class="MuiTabs-scroller MuiTabs-fixed css-s2t35c-MuiTabs-scroller"
                  style="overflow: hidden; margin-bottom: 0px;"
                >
                  <div
                    class="MuiTabs-list MuiTabs-flexContainer css-hzcega-MuiTabs-list"
                    role="tablist"
                  >
                    <button
                      aria-selected="true"
                      class="MuiButtonBase-root MuiTab-root MuiTab-textColorInherit Mui-selected css-3vpty3-MuiButtonBase-root-MuiTab-root"
                      role="tab"
                      tabindex="0"
                      type="button"
                    >
                      Programs
                    </button>
                    <button
                      aria-selected="false"
                      class="MuiButtonBase-root MuiTab-root MuiTab-textColorInherit css-3vpty3-MuiButtonBase-root-MuiTab-root"
                      role="tab"
                      tabindex="-1"
                      type="button"
                    >
                      Chat
                    </button>
                    <button
                      aria-selected="false"
                      class="MuiButtonBase-root MuiTab-root MuiTab-textColorInherit css-3vpty3-MuiButtonBase-root-MuiTab-root"
                      role="tab"
                      tabindex="-1"
                      type="button"
                    >
                      Settings
                    </button>
                    <button
                      aria-selected="false"
                      class="MuiButtonBase-root MuiTab-root MuiTab-textColorInherit css-3vpty3-MuiButtonBase-root-MuiTab-root"
                      role="tab"
                      tabindex="-1"
                      type="button"
                    >
                      Docs
                    </button>
                  </div>
                  <span
                    class="MuiTabs-indicator css-1bevw78-MuiTabs-indicator"
                    style="left: 0px; width: 0px;"
                  />
                </div>
              </div>
            </div>
            <p
              class="MuiTypography-root MuiTypography-body1 css-1a782mv-MuiTypography-root"
            >
              Bot stopped
            </p>
            <button
              class="MuiButtonBase-root MuiButton-root MuiButton-contained MuiButton-containedSuccess MuiButton-sizeMedium MuiButton-containedSizeMedium MuiButton-colorSuccess MuiButton-root MuiButton-contained MuiButton-containedSuccess MuiButton-sizeMedium MuiButton-containedSizeMedium MuiButton-colorSuccess css-frkth0-MuiButtonBase-root-MuiButton-root"
              tabindex="0"
              type="button"
            >
              Start
            </button>
            <button
              class="MuiButtonBase-root MuiButton-root MuiButton-contained MuiButton-containedError MuiButton-sizeMedium MuiButton-containedSizeMedium MuiButton-colorError Mui-disabled MuiButton-root MuiButton-contained MuiButton-containedError MuiButton-sizeMedium MuiButton-containedSizeMedium MuiButton-colorError css-8kauh6-MuiButtonBase-root-MuiButton-root"
              disabled=""
              tabindex="-1"
              type="button"
            >
              Stop
            </button>
          </div>
        </header>
        <main
          class="MuiBox-root css-jg3ssn"
          data-testid="app-content"
        >
          <div>
            <h3
              class="MuiTypography-root MuiTypography-h3 css-xrxebb-MuiTypography-root"
            >
              Programs
            </h3>
            <p
              class="MuiTypography-root MuiTypography-body1 css-1a782mv-MuiTypography-root"
            >
              Add blocks with the buttons on each program card. When a user sends a message, the first program whose trigger matches replies with its actions.
            </p>
            <div
              class="MuiPaper-root MuiPaper-elevation MuiPaper-rounded MuiPaper-elevation1 css-e1atlv-MuiPaper-root"
              style="--Paper-shadow: 0px 2px 1px -1px rgba(0,0,0,0.2),0px 1px 1px 0px rgba(0,0,0,0.14),0px 1px 3px 0px rgba(0,0,0,0.12); --Paper-overlay: linear-gradient(rgba(255, 255, 255, 0.051), rgba(255, 255, 255, 0.051));"
            >
              <h6
                class="MuiTypography-root MuiTypography-h6 css-1giu2ag-MuiTypography-root"
              >
                Blocks
              </h6>
              <span
                class="MuiTypography-root MuiTypography-caption css-1ub6eyz-MuiTypography-root"
              >
                What each block does. Add blocks with the buttons on each program card.
              </span>
              <h6
                class="MuiTypography-root MuiTypography-subtitle2 css-tme4xk-MuiTypography-root"
              >
                <span
                  style="display: inline-block; width: 8px; height: 8px; border-radius: 50%; background-color: rgb(96, 165, 250); margin-right: 6px;"
                />
                Triggers
              </h6>
              <div
                class="MuiBox-root css-1fhgjcy"
              >
                <p
                  class="MuiTypography-root MuiTypography-body2 css-ruqefn-MuiTypography-root"
                >
                  When message equals
                </p>
                <span
                  class="MuiTypography-root MuiTypography-caption css-9h45x9-MuiTypography-root"
                  data-testid="palette-description-trigger-equals"
                >
                  Runs when the message is exactly the trigger value.
                </span>
              </div>
              <div
                class="MuiBox-root css-1fhgjcy"
              >
                <p
                  class="MuiTypography-root MuiTypography-body2 css-ruqefn-MuiTypography-root"
                >
                  When message contains
                </p>
                <span
                  class="MuiTypography-root MuiTypography-caption css-9h45x9-MuiTypography-root"
                  data-testid="palette-description-trigger-contains"
                >
                  Runs when the message includes the trigger value.
                </span>
              </div>
              <div
                class="MuiBox-root css-1fhgjcy"
              >
                <p
                  class="MuiTypography-root MuiTypography-body2 css-ruqefn-MuiTypography-root"
                >
                  When message starts with
                </p>
                <span
                  class="MuiTypography-root MuiTypography-caption css-9h45x9-MuiTypography-root"
                  data-testid="palette-description-trigger-startsWith"
                >
                  Runs when the message begins with the trigger value.
                </span>
              </div>
              <div
                class="MuiBox-root css-1fhgjcy"
              >
                <p
                  class="MuiTypography-root MuiTypography-body2 css-ruqefn-MuiTypography-root"
                >
                  When message ends with
                </p>
                <span
                  class="MuiTypography-root MuiTypography-caption css-9h45x9-MuiTypography-root"
                  data-testid="palette-description-trigger-endsWith"
                >
                  Runs when the message ends with the trigger value.
                </span>
              </div>
              <h6
                class="MuiTypography-root MuiTypography-subtitle2 css-1ymfzcb-MuiTypography-root"
              >
                <span
                  style="display: inline-block; width: 8px; height: 8px; border-radius: 50%; background-color: rgb(251, 191, 36); margin-right: 6px;"
                />
                Logic
              </h6>
              <div
                class="MuiBox-root css-1fhgjcy"
              >
                <p
                  class="MuiTypography-root MuiTypography-body2 css-ruqefn-MuiTypography-root"
                >
                  message length is greater than
                </p>
                <span
                  class="MuiTypography-root MuiTypography-caption css-9h45x9-MuiTypography-root"
                  data-testid="palette-description-logic-lengthGreater"
                >
                  Passes when the message is longer than the number.
                </span>
              </div>
              <div
                class="MuiBox-root css-1fhgjcy"
              >
                <p
                  class="MuiTypography-root MuiTypography-body2 css-ruqefn-MuiTypography-root"
                >
                  message length is less than
                </p>
                <span
                  class="MuiTypography-root MuiTypography-caption css-9h45x9-MuiTypography-root"
                  data-testid="palette-description-logic-lengthLess"
                >
                  Passes when the message is shorter than the number.
                </span>
              </div>
              <div
                class="MuiBox-root css-1fhgjcy"
              >
                <p
                  class="MuiTypography-root MuiTypography-body2 css-ruqefn-MuiTypography-root"
                >
                  message matches regex
                </p>
                <span
                  class="MuiTypography-root MuiTypography-caption css-9h45x9-MuiTypography-root"
                  data-testid="palette-description-logic-matchesRegex"
                >
                  Passes when the message matches the regular expression.
                </span>
              </div>
              <h6
                class="MuiTypography-root MuiTypography-subtitle2 css-1ymfzcb-MuiTypography-root"
              >
                <span
                  style="display: inline-block; width: 8px; height: 8px; border-radius: 50%; background-color: rgb(167, 139, 250); margin-right: 6px;"
                />
                Transform
              </h6>
              <div
                class="MuiBox-root css-1fhgjcy"
              >
                <p
                  class="MuiTypography-root MuiTypography-body2 css-ruqefn-MuiTypography-root"
                >
                  make uppercase
                </p>
                <span
                  class="MuiTypography-root MuiTypography-caption css-9h45x9-MuiTypography-root"
                  data-testid="palette-description-transform-uppercase"
                >
                  Changes the message to UPPERCASE.
                </span>
              </div>
              <div
                class="MuiBox-root css-1fhgjcy"
              >
                <p
                  class="MuiTypography-root MuiTypography-body2 css-ruqefn-MuiTypography-root"
                >
                  make lowercase
                </p>
                <span
                  class="MuiTypography-root MuiTypography-caption css-9h45x9-MuiTypography-root"
                  data-testid="palette-description-transform-lowercase"
                >
                  Changes the message to lowercase.
                </span>
              </div>
              <div
                class="MuiBox-root css-1fhgjcy"
              >
                <p
                  class="MuiTypography-root MuiTypography-body2 css-ruqefn-MuiTypography-root"
                >
                  trim whitespace
                </p>
                <span
                  class="MuiTypography-root MuiTypography-caption css-9h45x9-MuiTypography-root"
                  data-testid="palette-description-transform-trim"
                >
                  Removes spaces at the start and end.
                </span>
              </div>
              <div
                class="MuiBox-root css-1fhgjcy"
              >
                <p
                  class="MuiTypography-root MuiTypography-body2 css-ruqefn-MuiTypography-root"
                >
                  replace text
                </p>
                <span
                  class="MuiTypography-root MuiTypography-caption css-9h45x9-MuiTypography-root"
                  data-testid="palette-description-transform-replace"
                >
                  Replaces matching text with new text.
                </span>
              </div>
              <div
                class="MuiBox-root css-1fhgjcy"
              >
                <p
                  class="MuiTypography-root MuiTypography-body2 css-ruqefn-MuiTypography-root"
                >
                  concat text
                </p>
                <span
                  class="MuiTypography-root MuiTypography-caption css-9h45x9-MuiTypography-root"
                  data-testid="palette-description-transform-concat"
                >
                  Adds text before or after the message.
                </span>
              </div>
              <h6
                class="MuiTypography-root MuiTypography-subtitle2 css-1ymfzcb-MuiTypography-root"
              >
                <span
                  style="display: inline-block; width: 8px; height: 8px; border-radius: 50%; background-color: rgb(52, 211, 153); margin-right: 6px;"
                />
                Action
              </h6>
              <div
                class="MuiBox-root css-1fhgjcy"
              >
                <p
                  class="MuiTypography-root MuiTypography-body2 css-ruqefn-MuiTypography-root"
                >
                  reply with text
                </p>
                <span
                  class="MuiTypography-root MuiTypography-caption css-9h45x9-MuiTypography-root"
                  data-testid="palette-description-action-reply"
                >
                  Sends a fixed reply.
                </span>
              </div>
              <div
                class="MuiBox-root css-1fhgjcy"
              >
                <p
                  class="MuiTypography-root MuiTypography-body2 css-ruqefn-MuiTypography-root"
                >
                  reply random choice
                </p>
                <span
                  class="MuiTypography-root MuiTypography-caption css-9h45x9-MuiTypography-root"
                  data-testid="palette-description-action-random"
                >
                  Picks one reply from a list.
                </span>
              </div>
              <div
                class="MuiBox-root css-1fhgjcy"
              >
                <p
                  class="MuiTypography-root MuiTypography-body2 css-ruqefn-MuiTypography-root"
                >
                  echo the current message
                </p>
                <span
                  class="MuiTypography-root MuiTypography-caption css-9h45x9-MuiTypography-root"
                  data-testid="palette-description-action-echo"
                >
                  Sends the message as it is now.
                </span>
              </div>
            </div>
            <div
              class="MuiBox-root css-1yuhvjn"
            >
              <div
                class="MuiPaper-root MuiPaper-elevation MuiPaper-rounded MuiPaper-elevation1 css-e1atlv-MuiPaper-root"
                style="--Paper-shadow: 0px 2px 1px -1px rgba(0,0,0,0.2),0px 1px 1px 0px rgba(0,0,0,0.14),0px 1px 3px 0px rgba(0,0,0,0.12); --Paper-overlay: linear-gradient(rgba(255, 255, 255, 0.051), rgba(255, 255, 255, 0.051));"
              >
                <h6
                  class="MuiTypography-root MuiTypography-h6 css-1giu2ag-MuiTypography-root"
                >
                  Samples
                </h6>
                <span
                  class="MuiTypography-root MuiTypography-caption css-1ub6eyz-MuiTypography-root"
                >
                  Click a sample to add it as a program.
                </span>
                <div
                  class="MuiBox-root css-zryp6"
                  data-testid="samples-buttons"
                >
                  <button
                    class="MuiButtonBase-root MuiButton-root MuiButton-outlined MuiButton-outlinedPrimary MuiButton-sizeMedium MuiButton-outlinedSizeMedium MuiButton-colorPrimary MuiButton-root MuiButton-outlined MuiButton-outlinedPrimary MuiButton-sizeMedium MuiButton-outlinedSizeMedium MuiButton-colorPrimary css-11knjew-MuiButtonBase-root-MuiButton-root"
                    tabindex="0"
                    type="button"
                  >
                    Welcome
                  </button>
                  <button
                    class="MuiButtonBase-root MuiButton-root MuiButton-outlined MuiButton-outlinedPrimary MuiButton-sizeMedium MuiButton-outlinedSizeMedium MuiButton-colorPrimary MuiButton-root MuiButton-outlined MuiButton-outlinedPrimary MuiButton-sizeMedium MuiButton-outlinedSizeMedium MuiButton-colorPrimary css-11knjew-MuiButtonBase-root-MuiButton-root"
                    tabindex="0"
                    type="button"
                  >
                    Coin Flip
                  </button>
                  <button
                    class="MuiButtonBase-root MuiButton-root MuiButton-outlined MuiButton-outlinedPrimary MuiButton-sizeMedium MuiButton-outlinedSizeMedium MuiButton-colorPrimary MuiButton-root MuiButton-outlined MuiButton-outlinedPrimary MuiButton-sizeMedium MuiButton-outlinedSizeMedium MuiButton-colorPrimary css-11knjew-MuiButtonBase-root-MuiButton-root"
                    tabindex="0"
                    type="button"
                  >
                    Help
                  </button>
                  <button
                    class="MuiButtonBase-root MuiButton-root MuiButton-outlined MuiButton-outlinedPrimary MuiButton-sizeMedium MuiButton-outlinedSizeMedium MuiButton-colorPrimary MuiButton-root MuiButton-outlined MuiButton-outlinedPrimary MuiButton-sizeMedium MuiButton-outlinedSizeMedium MuiButton-colorPrimary css-11knjew-MuiButtonBase-root-MuiButton-root"
                    tabindex="0"
                    type="button"
                  >
                    Echo Clean
                  </button>
                  <button
                    class="MuiButtonBase-root MuiButton-root MuiButton-outlined MuiButton-outlinedPrimary MuiButton-sizeMedium MuiButton-outlinedSizeMedium MuiButton-colorPrimary MuiButton-root MuiButton-outlined MuiButton-outlinedPrimary MuiButton-sizeMedium MuiButton-outlinedSizeMedium MuiButton-colorPrimary css-11knjew-MuiButtonBase-root-MuiButton-root"
                    tabindex="0"
                    type="button"
                  >
                    Shout
                  </button>
                  <button
                    class="MuiButtonBase-root MuiButton-root MuiButton-outlined MuiButton-outlinedPrimary MuiButton-sizeMedium MuiButton-outlinedSizeMedium MuiButton-colorPrimary MuiButton-root MuiButton-outlined MuiButton-outlinedPrimary MuiButton-sizeMedium MuiButton-outlinedSizeMedium MuiButton-colorPrimary css-11knjew-MuiButtonBase-root-MuiButton-root"
                    tabindex="0"
                    type="button"
                  >
                    Shout Back
                  </button>
                  <button
                    class="MuiButtonBase-root MuiButton-root MuiButton-outlined MuiButton-outlinedPrimary MuiButton-sizeMedium MuiButton-outlinedSizeMedium MuiButton-colorPrimary MuiButton-root MuiButton-outlined MuiButton-outlinedPrimary MuiButton-sizeMedium MuiButton-outlinedSizeMedium MuiButton-colorPrimary css-11knjew-MuiButtonBase-root-MuiButton-root"
                    tabindex="0"
                    type="button"
                  >
                    Short Replies
                  </button>
                </div>
              </div>
            </div>
            <button
              class="MuiButtonBase-root MuiButton-root MuiButton-contained MuiButton-containedPrimary MuiButton-sizeMedium MuiButton-containedSizeMedium MuiButton-colorPrimary MuiButton-root MuiButton-contained MuiButton-containedPrimary MuiButton-sizeMedium MuiButton-containedSizeMedium MuiButton-colorPrimary css-keq513-MuiButtonBase-root-MuiButton-root"
              tabindex="0"
              type="button"
            >
              + New Program
            </button>
            <p
              class="MuiTypography-root MuiTypography-body2 css-ruqefn-MuiTypography-root"
            >
              No programs yet — add a new program and use its buttons, or load a sample above.
            </p>
          </div>
        </main>
        <footer
          class="footer MuiBox-root css-0"
        >
          <div
            class="MuiContainer-root MuiContainer-maxWidthSm css-zzzaw2-MuiContainer-root"
          >
            <p
              class="MuiTypography-root MuiTypography-body2 text_box css-ruqefn-MuiTypography-root"
            >
              Copyright ©
              <a
                class="MuiTypography-root MuiTypography-inherit MuiLink-root MuiLink-underlineAlways url css-drt9hv-MuiTypography-root-MuiLink-root"
                href="https://jh123x.com/"
              >
                Jh123x
              </a>
              2026
            </p>
          </div>
        </footer>
      </div>
    </div>
  </body>,
  "container": <div>
    <div
      class="MuiContainer-root MuiContainer-maxWidthLg MuiContainer-disableGutters css-1o99m2q-MuiContainer-root"
      data-testid="app-root"
    >
      <header
        class="MuiPaper-root MuiPaper-elevation MuiPaper-elevation4 MuiAppBar-root MuiAppBar-colorPrimary MuiAppBar-positionStatic css-qcvv0j-MuiPaper-root-MuiAppBar-root"
        style="--Paper-shadow: 0px 2px 4px -1px rgba(0,0,0,0.2),0px 4px 5px 0px rgba(0,0,0,0.14),0px 1px 10px 0px rgba(0,0,0,0.12); --Paper-overlay: linear-gradient(rgba(255, 255, 255, 0.092), rgba(255, 255, 255, 0.092));"
      >
        <div
          class="MuiToolbar-root MuiToolbar-gutters MuiToolbar-regular css-11k1kgo-MuiToolbar-root"
        >
          <h6
            class="MuiTypography-root MuiTypography-h6 css-1xhyl9q-MuiTypography-root"
          >
            BrowserBot
          </h6>
          <div
            class="MuiBox-root css-i9gxme"
          >
            <div
              class="MuiTabs-root css-jhczcq-MuiTabs-root"
            >
              <div
                class="MuiTabs-scroller MuiTabs-fixed css-s2t35c-MuiTabs-scroller"
                style="overflow: hidden; margin-bottom: 0px;"
              >
                <div
                  class="MuiTabs-list MuiTabs-flexContainer css-hzcega-MuiTabs-list"
                  role="tablist"
                >
                  <button
                    aria-selected="true"
                    class="MuiButtonBase-root MuiTab-root MuiTab-textColorInherit Mui-selected css-3vpty3-MuiButtonBase-root-MuiTab-root"
                    role="tab"
                    tabindex="0"
                    type="button"
                  >
                    Programs
                  </button>
                  <button
                    aria-selected="false"
                    class="MuiButtonBase-root MuiTab-root MuiTab-textColorInherit css-3vpty3-MuiButtonBase-root-MuiTab-root"
                    role="tab"
                    tabindex="-1"
                    type="button"
                  >
                    Chat
                  </button>
                  <button
                    aria-selected="false"
                    class="MuiButtonBase-root MuiTab-root MuiTab-textColorInherit css-3vpty3-MuiButtonBase-root-MuiTab-root"
                    role="tab"
                    tabindex="-1"
                    type="button"
                  >
                    Settings
                  </button>
                  <button
                    aria-selected="false"
                    class="MuiButtonBase-root MuiTab-root MuiTab-textColorInherit css-3vpty3-MuiButtonBase-root-MuiTab-root"
                    role="tab"
                    tabindex="-1"
                    type="button"
                  >
                    Docs
                  </button>
                </div>
                <span
                  class="MuiTabs-indicator css-1bevw78-MuiTabs-indicator"
                  style="left: 0px; width: 0px;"
                />
              </div>
            </div>
          </div>
          <p
            class="MuiTypography-root MuiTypography-body1 css-1a782mv-MuiTypography-root"
          >
            Bot stopped
          </p>
          <button
            class="MuiButtonBase-root MuiButton-root MuiButton-contained MuiButton-containedSuccess MuiButton-sizeMedium MuiButton-containedSizeMedium MuiButton-colorSuccess MuiButton-root MuiButton-contained MuiButton-containedSuccess MuiButton-sizeMedium MuiButton-containedSizeMedium MuiButton-colorSuccess css-frkth0-MuiButtonBase-root-MuiButton-root"
            tabindex="0"
            type="button"
          >
            Start
          </button>
          <button
            class="MuiButtonBase-root MuiButton-root MuiButton-contained MuiButton-containedError MuiButton-sizeMedium MuiButton-containedSizeMedium MuiButton-colorError Mui-disabled MuiButton-root MuiButton-contained MuiButton-containedError MuiButton-sizeMedium MuiButton-containedSizeMedium MuiButton-colorError css-8kauh6-MuiButtonBase-root-MuiButton-root"
            disabled=""
            tabindex="-1"
            type="button"
          >
            Stop
          </button>
        </div>
      </header>
      <main
        class="MuiBox-root css-jg3ssn"
        data-testid="app-content"
      >
        <div>
          <h3
            class="MuiTypography-root MuiTypography-h3 css-xrxebb-MuiTypography-root"
          >
            Programs
          </h3>
          <p
            class="MuiTypography-root MuiTypography-body1 css-1a782mv-MuiTypography-root"
          >
            Add blocks with the buttons on each program card. When a user sends a message, the first program whose trigger matches replies with its actions.
          </p>
          <div
            class="MuiPaper-root MuiPaper-elevation MuiPaper-rounded MuiPaper-elevation1 css-e1atlv-MuiPaper-root"
            style="--Paper-shadow: 0px 2px 1px -1px rgba(0,0,0,0.2),0px 1px 1px 0px rgba(0,0,0,0.14),0px 1px 3px 0px rgba(0,0,0,0.12); --Paper-overlay: linear-gradient(rgba(255, 255, 255, 0.051), rgba(255, 255, 255, 0.051));"
          >
            <h6
              class="MuiTypography-root MuiTypography-h6 css-1giu2ag-MuiTypography-root"
            >
              Blocks
            </h6>
            <span
              class="MuiTypography-root MuiTypography-caption css-1ub6eyz-MuiTypography-root"
            >
              What each block does. Add blocks with the buttons on each program card.
            </span>
            <h6
              class="MuiTypography-root MuiTypography-subtitle2 css-tme4xk-MuiTypography-root"
            >
              <span
                style="display: inline-block; width: 8px; height: 8px; border-radius: 50%; background-color: rgb(96, 165, 250); margin-right: 6px;"
              />
              Triggers
            </h6>
            <div
              class="MuiBox-root css-1fhgjcy"
            >
              <p
                class="MuiTypography-root MuiTypography-body2 css-ruqefn-MuiTypography-root"
              >
                When message equals
              </p>
              <span
                class="MuiTypography-root MuiTypography-caption css-9h45x9-MuiTypography-root"
                data-testid="palette-description-trigger-equals"
              >
                Runs when the message is exactly the trigger value.
              </span>
            </div>
            <div
              class="MuiBox-root css-1fhgjcy"
            >
              <p
                class="MuiTypography-root MuiTypography-body2 css-ruqefn-MuiTypography-root"
              >
                When message contains
              </p>
              <span
                class="MuiTypography-root MuiTypography-caption css-9h45x9-MuiTypography-root"
                data-testid="palette-description-trigger-contains"
              >
                Runs when the message includes the trigger value.
              </span>
            </div>
            <div
              class="MuiBox-root css-1fhgjcy"
            >
              <p
                class="MuiTypography-root MuiTypography-body2 css-ruqefn-MuiTypography-root"
              >
                When message starts with
              </p>
              <span
                class="MuiTypography-root MuiTypography-caption css-9h45x9-MuiTypography-root"
                data-testid="palette-description-trigger-startsWith"
              >
                Runs when the message begins with the trigger value.
              </span>
            </div>
            <div
              class="MuiBox-root css-1fhgjcy"
            >
              <p
                class="MuiTypography-root MuiTypography-body2 css-ruqefn-MuiTypography-root"
              >
                When message ends with
              </p>
              <span
                class="MuiTypography-root MuiTypography-caption css-9h45x9-MuiTypography-root"
                data-testid="palette-description-trigger-endsWith"
              >
                Runs when the message ends with the trigger value.
              </span>
            </div>
            <h6
              class="MuiTypography-root MuiTypography-subtitle2 css-1ymfzcb-MuiTypography-root"
            >
              <span
                style="display: inline-block; width: 8px; height: 8px; border-radius: 50%; background-color: rgb(251, 191, 36); margin-right: 6px;"
              />
              Logic
            </h6>
            <div
              class="MuiBox-root css-1fhgjcy"
            >
              <p
                class="MuiTypography-root MuiTypography-body2 css-ruqefn-MuiTypography-root"
              >
                message length is greater than
              </p>
              <span
                class="MuiTypography-root MuiTypography-caption css-9h45x9-MuiTypography-root"
                data-testid="palette-description-logic-lengthGreater"
              >
                Passes when the message is longer than the number.
              </span>
            </div>
            <div
              class="MuiBox-root css-1fhgjcy"
            >
              <p
                class="MuiTypography-root MuiTypography-body2 css-ruqefn-MuiTypography-root"
              >
                message length is less than
              </p>
              <span
                class="MuiTypography-root MuiTypography-caption css-9h45x9-MuiTypography-root"
                data-testid="palette-description-logic-lengthLess"
              >
                Passes when the message is shorter than the number.
              </span>
            </div>
            <div
              class="MuiBox-root css-1fhgjcy"
            >
              <p
                class="MuiTypography-root MuiTypography-body2 css-ruqefn-MuiTypography-root"
              >
                message matches regex
              </p>
              <span
                class="MuiTypography-root MuiTypography-caption css-9h45x9-MuiTypography-root"
                data-testid="palette-description-logic-matchesRegex"
              >
                Passes when the message matches the regular expression.
              </span>
            </div>
            <h6
              class="MuiTypography-root MuiTypography-subtitle2 css-1ymfzcb-MuiTypography-root"
            >
              <span
                style="display: inline-block; width: 8px; height: 8px; border-radius: 50%; background-color: rgb(167, 139, 250); margin-right: 6px;"
              />
              Transform
            </h6>
            <div
              class="MuiBox-root css-1fhgjcy"
            >
              <p
                class="MuiTypography-root MuiTypography-body2 css-ruqefn-MuiTypography-root"
              >
                make uppercase
              </p>
              <span
                class="MuiTypography-root MuiTypography-caption css-9h45x9-MuiTypography-root"
                data-testid="palette-description-transform-uppercase"
              >
                Changes the message to UPPERCASE.
              </span>
            </div>
            <div
              class="MuiBox-root css-1fhgjcy"
            >
              <p
                class="MuiTypography-root MuiTypography-body2 css-ruqefn-MuiTypography-root"
              >
                make lowercase
              </p>
              <span
                class="MuiTypography-root MuiTypography-caption css-9h45x9-MuiTypography-root"
                data-testid="palette-description-transform-lowercase"
              >
                Changes the message to lowercase.
              </span>
            </div>
            <div
              class="MuiBox-root css-1fhgjcy"
            >
              <p
                class="MuiTypography-root MuiTypography-body2 css-ruqefn-MuiTypography-root"
              >
                trim whitespace
              </p>
              <span
                class="MuiTypography-root MuiTypography-caption css-9h45x9-MuiTypography-root"
                data-testid="palette-description-transform-trim"
              >
                Removes spaces at the start and end.
              </span>
            </div>
            <div
              class="MuiBox-root css-1fhgjcy"
            >
              <p
                class="MuiTypography-root MuiTypography-body2 css-ruqefn-MuiTypography-root"
              >
                replace text
              </p>
              <span
                class="MuiTypography-root MuiTypography-caption css-9h45x9-MuiTypography-root"
                data-testid="palette-description-transform-replace"
              >
                Replaces matching text with new text.
              </span>
            </div>
            <div
              class="MuiBox-root css-1fhgjcy"
            >
              <p
                class="MuiTypography-root MuiTypography-body2 css-ruqefn-MuiTypography-root"
              >
                concat text
              </p>
              <span
                class="MuiTypography-root MuiTypography-caption css-9h45x9-MuiTypography-root"
                data-testid="palette-description-transform-concat"
              >
                Adds text before or after the message.
              </span>
            </div>
            <h6
              class="MuiTypography-root MuiTypography-subtitle2 css-1ymfzcb-MuiTypography-root"
            >
              <span
                style="display: inline-block; width: 8px; height: 8px; border-radius: 50%; background-color: rgb(52, 211, 153); margin-right: 6px;"
              />
              Action
            </h6>
            <div
              class="MuiBox-root css-1fhgjcy"
            >
              <p
                class="MuiTypography-root MuiTypography-body2 css-ruqefn-MuiTypography-root"
              >
                reply with text
              </p>
              <span
                class="MuiTypography-root MuiTypography-caption css-9h45x9-MuiTypography-root"
                data-testid="palette-description-action-reply"
              >
                Sends a fixed reply.
              </span>
            </div>
            <div
              class="MuiBox-root css-1fhgjcy"
            >
              <p
                class="MuiTypography-root MuiTypography-body2 css-ruqefn-MuiTypography-root"
              >
                reply random choice
              </p>
              <span
                class="MuiTypography-root MuiTypography-caption css-9h45x9-MuiTypography-root"
                data-testid="palette-description-action-random"
              >
                Picks one reply from a list.
              </span>
            </div>
            <div
              class="MuiBox-root css-1fhgjcy"
            >
              <p
                class="MuiTypography-root MuiTypography-body2 css-ruqefn-MuiTypography-root"
              >
                echo the current message
              </p>
              <span
                class="MuiTypography-root MuiTypography-caption css-9h45x9-MuiTypography-root"
                data-testid="palette-description-action-echo"
              >
                Sends the message as it is now.
              </span>
            </div>
          </div>
          <div
            class="MuiBox-root css-1yuhvjn"
          >
            <div
              class="MuiPaper-root MuiPaper-elevation MuiPaper-rounded MuiPaper-elevation1 css-e1atlv-MuiPaper-root"
              style="--Paper-shadow: 0px 2px 1px -1px rgba(0,0,0,0.2),0px 1px 1px 0px rgba(0,0,0,0.14),0px 1px 3px 0px rgba(0,0,0,0.12); --Paper-overlay: linear-gradient(rgba(255, 255, 255, 0.051), rgba(255, 255, 255, 0.051));"
            >
              <h6
                class="MuiTypography-root MuiTypography-h6 css-1giu2ag-MuiTypography-root"
              >
                Samples
              </h6>
              <span
                class="MuiTypography-root MuiTypography-caption css-1ub6eyz-MuiTypography-root"
              >
                Click a sample to add it as a program.
              </span>
              <div
                class="MuiBox-root css-zryp6"
                data-testid="samples-buttons"
              >
                <button
                  class="MuiButtonBase-root MuiButton-root MuiButton-outlined MuiButton-outlinedPrimary MuiButton-sizeMedium MuiButton-outlinedSizeMedium MuiButton-colorPrimary MuiButton-root MuiButton-outlined MuiButton-outlinedPrimary MuiButton-sizeMedium MuiButton-outlinedSizeMedium MuiButton-colorPrimary css-11knjew-MuiButtonBase-root-MuiButton-root"
                  tabindex="0"
                  type="button"
                >
                  Welcome
                </button>
                <button
                  class="MuiButtonBase-root MuiButton-root MuiButton-outlined MuiButton-outlinedPrimary MuiButton-sizeMedium MuiButton-outlinedSizeMedium MuiButton-colorPrimary MuiButton-root MuiButton-outlined MuiButton-outlinedPrimary MuiButton-sizeMedium MuiButton-outlinedSizeMedium MuiButton-colorPrimary css-11knjew-MuiButtonBase-root-MuiButton-root"
                  tabindex="0"
                  type="button"
                >
                  Coin Flip
                </button>
                <button
                  class="MuiButtonBase-root MuiButton-root MuiButton-outlined MuiButton-outlinedPrimary MuiButton-sizeMedium MuiButton-outlinedSizeMedium MuiButton-colorPrimary MuiButton-root MuiButton-outlined MuiButton-outlinedPrimary MuiButton-sizeMedium MuiButton-outlinedSizeMedium MuiButton-colorPrimary css-11knjew-MuiButtonBase-root-MuiButton-root"
                  tabindex="0"
                  type="button"
                >
                  Help
                </button>
                <button
                  class="MuiButtonBase-root MuiButton-root MuiButton-outlined MuiButton-outlinedPrimary MuiButton-sizeMedium MuiButton-outlinedSizeMedium MuiButton-colorPrimary MuiButton-root MuiButton-outlined MuiButton-outlinedPrimary MuiButton-sizeMedium MuiButton-outlinedSizeMedium MuiButton-colorPrimary css-11knjew-MuiButtonBase-root-MuiButton-root"
                  tabindex="0"
                  type="button"
                >
                  Echo Clean
                </button>
                <button
                  class="MuiButtonBase-root MuiButton-root MuiButton-outlined MuiButton-outlinedPrimary MuiButton-sizeMedium MuiButton-outlinedSizeMedium MuiButton-colorPrimary MuiButton-root MuiButton-outlined MuiButton-outlinedPrimary MuiButton-sizeMedium MuiButton-outlinedSizeMedium MuiButton-colorPrimary css-11knjew-MuiButtonBase-root-MuiButton-root"
                  tabindex="0"
                  type="button"
                >
                  Shout
                </button>
                <button
                  class="MuiButtonBase-root MuiButton-root MuiButton-outlined MuiButton-outlinedPrimary MuiButton-sizeMedium MuiButton-outlinedSizeMedium MuiButton-colorPrimary MuiButton-root MuiButton-outlined MuiButton-outlinedPrimary MuiButton-sizeMedium MuiButton-outlinedSizeMedium MuiButton-colorPrimary css-11knjew-MuiButtonBase-root-MuiButton-root"
                  tabindex="0"
                  type="button"
                >
                  Shout Back
                </button>
                <button
                  class="MuiButtonBase-root MuiButton-root MuiButton-outlined MuiButton-outlinedPrimary MuiButton-sizeMedium MuiButton-outlinedSizeMedium MuiButton-colorPrimary MuiButton-root MuiButton-outlined MuiButton-outlinedPrimary MuiButton-sizeMedium MuiButton-outlinedSizeMedium MuiButton-colorPrimary css-11knjew-MuiButtonBase-root-MuiButton-root"
                  tabindex="0"
                  type="button"
                >
                  Short Replies
                </button>
              </div>
            </div>
          </div>
          <button
            class="MuiButtonBase-root MuiButton-root MuiButton-contained MuiButton-containedPrimary MuiButton-sizeMedium MuiButton-containedSizeMedium MuiButton-colorPrimary MuiButton-root MuiButton-contained MuiButton-containedPrimary MuiButton-sizeMedium MuiButton-containedSizeMedium MuiButton-colorPrimary css-keq513-MuiButtonBase-root-MuiButton-root"
            tabindex="0"
            type="button"
          >
            + New Program
          </button>
          <p
            class="MuiTypography-root MuiTypography-body2 css-ruqefn-MuiTypography-root"
          >
            No programs yet — add a new program and use its buttons, or load a sample above.
          </p>
        </div>
      </main>
      <footer
        class="footer MuiBox-root css-0"
      >
        <div
          class="MuiContainer-root MuiContainer-maxWidthSm css-zzzaw2-MuiContainer-root"
        >
          <p
            class="MuiTypography-root MuiTypography-body2 text_box css-ruqefn-MuiTypography-root"
          >
            Copyright ©
            <a
              class="MuiTypography-root MuiTypography-inherit MuiLink-root MuiLink-underlineAlways url css-drt9hv-MuiTypography-root-MuiLink-root"
              href="https://jh123x.com/"
            >
              Jh123x
            </a>
            2026
          </p>
        </div>
      </footer>
    </div>
  </div>,
  "debug": [Function],
  "findAllByAltText": [Function],
  "findAllByDisplayValue": [Function],
  "findAllByLabelText": [Function],
  "findAllByPlaceholderText": [Function],
  "findAllByRole": [Function],
  "findAllByTestId": [Function],
  "findAllByText": [Function],
  "findAllByTitle": [Function],
  "findByAltText": [Function],
  "findByDisplayValue": [Function],
  "findByLabelText": [Function],
  "findByPlaceholderText": [Function],
  "findByRole": [Function],
  "findByTestId": [Function],
  "findByText": [Function],
  "findByTitle": [Function],
  "getAllByAltText": [Function],
  "getAllByDisplayValue": [Function],
  "getAllByLabelText": [Function],
  "getAllByPlaceholderText": [Function],
  "getAllByRole": [Function],
  "getAllByTestId": [Function],
  "getAllByText": [Function],
  "getAllByTitle": [Function],
  "getByAltText": [Function],
  "getByDisplayValue": [Function],
  "getByLabelText": [Function],
  "getByPlaceholderText": [Function],
  "getByRole": [Function],
  "getByTestId": [Function],
  "getByText": [Function],
  "getByTitle": [Function],
  "queryAllByAltText": [Function],
  "queryAllByDisplayValue": [Function],
  "queryAllByLabelText": [Function],
  "queryAllByPlaceholderText": [Function],
  "queryAllByRole": [Function],
  "queryAllByTestId": [Function],
  "queryAllByText": [Function],
  "queryAllByTitle": [Function],
  "queryByAltText": [Function],
  "queryByDisplayValue": [Function],
  "queryByLabelText": [Function],
  "queryByPlaceholderText": [Function],
  "queryByRole": [Function],
  "queryByTestId": [Function],
  "queryByText": [Function],
  "queryByTitle": [Function],
  "rerender": [Function],
  "store": Object {
    "@@observable": [Function],
    "dispatch": [Function],
    "getState": [Function],
    "replaceReducer": [Function],
    "subscribe": [Function],
  },
  "unmount": [Function],
}
`;
