// Jest Snapshot v1, https://goo.gl/fbAQLP

exports[`renders app correctly 1`] = `
Object {
  "asFragment": [Function],
  "baseElement": <body>
    <div>
      <div
        class="MuiContainer-root MuiContainer-maxWidthLg MuiContainer-disableGutters css-5re47a-MuiContainer-root"
      >
        <header
          class="MuiPaper-root MuiPaper-elevation MuiPaper-elevation4 MuiAppBar-root MuiAppBar-colorPrimary MuiAppBar-positionStatic css-8qyt43-MuiPaper-root-MuiAppBar-root"
          style="--Paper-shadow: 0px 2px 4px -1px rgba(0,0,0,0.2),0px 4px 5px 0px rgba(0,0,0,0.14),0px 1px 10px 0px rgba(0,0,0,0.12);"
        >
          <div
            class="MuiToolbar-root MuiToolbar-gutters MuiToolbar-regular css-11k1kgo-MuiToolbar-root"
          >
            <h6
              class="MuiTypography-root MuiTypography-h6 css-lbrw2m-MuiTypography-root"
            >
              BrowserBot
            </h6>
            <div
              class="MuiBox-root css-i9gxme"
            >
              <div
                class="MuiTabs-root css-jhczcq-MuiTabs-root"
              >
                <div
                  class="MuiTabs-scroller MuiTabs-fixed css-s2t35c-MuiTabs-scroller"
                  style="overflow: hidden; margin-bottom: 0px;"
                >
                  <div
                    class="MuiTabs-list MuiTabs-flexContainer css-hzcega-MuiTabs-list"
                    role="tablist"
                  >
                    <button
                      aria-selected="true"
                      class="MuiButtonBase-root MuiTab-root MuiTab-textColorPrimary Mui-selected css-q047qg-MuiButtonBase-root-MuiTab-root"
                      role="tab"
                      tabindex="0"
                      type="button"
                    >
                      Programs
                    </button>
                    <button
                      aria-selected="false"
                      class="MuiButtonBase-root MuiTab-root MuiTab-textColorPrimary css-q047qg-MuiButtonBase-root-MuiTab-root"
                      role="tab"
                      tabindex="-1"
                      type="button"
                    >
                      Chat
                    </button>
                    <button
                      aria-selected="false"
                      class="MuiButtonBase-root MuiTab-root MuiTab-textColorPrimary css-q047qg-MuiButtonBase-root-MuiTab-root"
                      role="tab"
                      tabindex="-1"
                      type="button"
                    >
                      Settings
                    </button>
                    <button
                      aria-selected="false"
                      class="MuiButtonBase-root MuiTab-root MuiTab-textColorPrimary css-q047qg-MuiButtonBase-root-MuiTab-root"
                      role="tab"
                      tabindex="-1"
                      type="button"
                    >
                      Docs
                    </button>
                  </div>
                  <span
                    class="MuiTabs-indicator css-3igp6m-MuiTabs-indicator"
                    style="left: 0px; width: 0px;"
                  />
                </div>
              </div>
            </div>
            <p
              class="MuiTypography-root MuiTypography-body1 css-rizt0-MuiTypography-root"
            >
              Bot stopped
            </p>
            <button
              class="MuiButtonBase-root MuiButton-root MuiButton-contained MuiButton-containedSuccess MuiButton-sizeMedium MuiButton-containedSizeMedium MuiButton-colorSuccess MuiButton-root MuiButton-contained MuiButton-containedSuccess MuiButton-sizeMedium MuiButton-containedSizeMedium MuiButton-colorSuccess css-1fx25q3-MuiButtonBase-root-MuiButton-root"
              tabindex="0"
              type="button"
            >
              Start
            </button>
            <button
              class="MuiButtonBase-root MuiButton-root MuiButton-contained MuiButton-containedError MuiButton-sizeMedium MuiButton-containedSizeMedium MuiButton-colorError Mui-disabled MuiButton-root MuiButton-contained MuiButton-containedError MuiButton-sizeMedium MuiButton-containedSizeMedium MuiButton-colorError css-anx6g5-MuiButtonBase-root-MuiButton-root"
              disabled=""
              tabindex="-1"
              type="button"
            >
              Stop
            </button>
          </div>
        </header>
        <div
          class="MuiContainer-root MuiContainer-maxWidthLg css-5c1adp-MuiContainer-root"
        >
          <div>
            <h3
              class="MuiTypography-root MuiTypography-h3 css-13msox4-MuiTypography-root"
            >
              Programs
            </h3>
            <p
              class="MuiTypography-root MuiTypography-body1 css-rizt0-MuiTypography-root"
            >
              Drag blocks from the palette onto a program, or click to add. When a user sends a message, the first program whose trigger matches replies with its actions.
            </p>
            <div
              class="MuiPaper-root MuiPaper-elevation MuiPaper-rounded MuiPaper-elevation1 css-1ixwgkl-MuiPaper-root"
              style="--Paper-shadow: 0px 2px 1px -1px rgba(0,0,0,0.2),0px 1px 1px 0px rgba(0,0,0,0.14),0px 1px 3px 0px rgba(0,0,0,0.12);"
            >
              <h6
                class="MuiTypography-root MuiTypography-h6 css-1miy0lu-MuiTypography-root"
              >
                Blocks
              </h6>
              <span
                class="MuiTypography-root MuiTypography-caption css-mpaqru-MuiTypography-root"
              >
                Drag a block onto a program below.
              </span>
              <h6
                class="MuiTypography-root MuiTypography-subtitle2 css-1q4tb3w-MuiTypography-root"
              >
                <span
                  style="display: inline-block; width: 8px; height: 8px; border-radius: 50%; background-color: rgb(37, 99, 235); margin-right: 6px;"
                />
                Triggers
              </h6>
              <div
                data-testid="palette-trigger-equals"
                draggable="true"
                style="padding: 8px; margin: 4px 0px; border: 1px solid #2563eb40; border-radius: 6px; cursor: grab; background-color: rgb(219, 234, 254); color: rgb(37, 99, 235);"
              >
                <span
                  style="display: inline-block; width: 8px; height: 8px; border-radius: 50%; background-color: rgb(37, 99, 235); margin-right: 6px;"
                />
                When 
                message equals
              </div>
              <div
                data-testid="palette-trigger-contains"
                draggable="true"
                style="padding: 8px; margin: 4px 0px; border: 1px solid #2563eb40; border-radius: 6px; cursor: grab; background-color: rgb(219, 234, 254); color: rgb(37, 99, 235);"
              >
                <span
                  style="display: inline-block; width: 8px; height: 8px; border-radius: 50%; background-color: rgb(37, 99, 235); margin-right: 6px;"
                />
                When 
                message contains
              </div>
              <div
                data-testid="palette-trigger-startsWith"
                draggable="true"
                style="padding: 8px; margin: 4px 0px; border: 1px solid #2563eb40; border-radius: 6px; cursor: grab; background-color: rgb(219, 234, 254); color: rgb(37, 99, 235);"
              >
                <span
                  style="display: inline-block; width: 8px; height: 8px; border-radius: 50%; background-color: rgb(37, 99, 235); margin-right: 6px;"
                />
                When 
                message starts with
              </div>
              <div
                data-testid="palette-trigger-endsWith"
                draggable="true"
                style="padding: 8px; margin: 4px 0px; border: 1px solid #2563eb40; border-radius: 6px; cursor: grab; background-color: rgb(219, 234, 254); color: rgb(37, 99, 235);"
              >
                <span
                  style="display: inline-block; width: 8px; height: 8px; border-radius: 50%; background-color: rgb(37, 99, 235); margin-right: 6px;"
                />
                When 
                message ends with
              </div>
              <h6
                class="MuiTypography-root MuiTypography-subtitle2 css-1m5vqf5-MuiTypography-root"
              >
                <span
                  style="display: inline-block; width: 8px; height: 8px; border-radius: 50%; background-color: rgb(217, 119, 6); margin-right: 6px;"
                />
                Logic
              </h6>
              <div
                data-testid="palette-logic-lengthGreater"
                draggable="true"
                style="padding: 8px; margin: 4px 0px; border: 1px solid #d9770640; border-radius: 6px; cursor: grab; background-color: rgb(254, 243, 199); color: rgb(217, 119, 6);"
              >
                <span
                  style="display: inline-block; width: 8px; height: 8px; border-radius: 50%; background-color: rgb(217, 119, 6); margin-right: 6px;"
                />
                message length is greater than
              </div>
              <div
                data-testid="palette-logic-lengthLess"
                draggable="true"
                style="padding: 8px; margin: 4px 0px; border: 1px solid #d9770640; border-radius: 6px; cursor: grab; background-color: rgb(254, 243, 199); color: rgb(217, 119, 6);"
              >
                <span
                  style="display: inline-block; width: 8px; height: 8px; border-radius: 50%; background-color: rgb(217, 119, 6); margin-right: 6px;"
                />
                message length is less than
              </div>
              <div
                data-testid="palette-logic-matchesRegex"
                draggable="true"
                style="padding: 8px; margin: 4px 0px; border: 1px solid #d9770640; border-radius: 6px; cursor: grab; background-color: rgb(254, 243, 199); color: rgb(217, 119, 6);"
              >
                <span
                  style="display: inline-block; width: 8px; height: 8px; border-radius: 50%; background-color: rgb(217, 119, 6); margin-right: 6px;"
                />
                message matches regex
              </div>
              <h6
                class="MuiTypography-root MuiTypography-subtitle2 css-1m5vqf5-MuiTypography-root"
              >
                <span
                  style="display: inline-block; width: 8px; height: 8px; border-radius: 50%; background-color: rgb(124, 58, 237); margin-right: 6px;"
                />
                Transform
              </h6>
              <div
                data-testid="palette-transform-uppercase"
                draggable="true"
                style="padding: 8px; margin: 4px 0px; border: 1px solid #7c3aed40; border-radius: 6px; cursor: grab; background-color: rgb(237, 233, 254); color: rgb(124, 58, 237);"
              >
                <span
                  style="display: inline-block; width: 8px; height: 8px; border-radius: 50%; background-color: rgb(124, 58, 237); margin-right: 6px;"
                />
                make uppercase
              </div>
              <div
                data-testid="palette-transform-lowercase"
                draggable="true"
                style="padding: 8px; margin: 4px 0px; border: 1px solid #7c3aed40; border-radius: 6px; cursor: grab; background-color: rgb(237, 233, 254); color: rgb(124, 58, 237);"
              >
                <span
                  style="display: inline-block; width: 8px; height: 8px; border-radius: 50%; background-color: rgb(124, 58, 237); margin-right: 6px;"
                />
                make lowercase
              </div>
              <div
                data-testid="palette-transform-trim"
                draggable="true"
                style="padding: 8px; margin: 4px 0px; border: 1px solid #7c3aed40; border-radius: 6px; cursor: grab; background-color: rgb(237, 233, 254); color: rgb(124, 58, 237);"
              >
                <span
                  style="display: inline-block; width: 8px; height: 8px; border-radius: 50%; background-color: rgb(124, 58, 237); margin-right: 6px;"
                />
                trim whitespace
              </div>
              <div
                data-testid="palette-transform-replace"
                draggable="true"
                style="padding: 8px; margin: 4px 0px; border: 1px solid #7c3aed40; border-radius: 6px; cursor: grab; background-color: rgb(237, 233, 254); color: rgb(124, 58, 237);"
              >
                <span
                  style="display: inline-block; width: 8px; height: 8px; border-radius: 50%; background-color: rgb(124, 58, 237); margin-right: 6px;"
                />
                replace text
              </div>
              <h6
                class="MuiTypography-root MuiTypography-subtitle2 css-1m5vqf5-MuiTypography-root"
              >
                <span
                  style="display: inline-block; width: 8px; height: 8px; border-radius: 50%; background-color: rgb(5, 150, 105); margin-right: 6px;"
                />
                Action
              </h6>
              <div
                data-testid="palette-action-reply"
                draggable="true"
                style="padding: 8px; margin: 4px 0px; border: 1px solid #05966940; border-radius: 6px; cursor: grab; background-color: rgb(209, 250, 229); color: rgb(5, 150, 105);"
              >
                <span
                  style="display: inline-block; width: 8px; height: 8px; border-radius: 50%; background-color: rgb(5, 150, 105); margin-right: 6px;"
                />
                reply with text
              </div>
              <div
                data-testid="palette-action-random"
                draggable="true"
                style="padding: 8px; margin: 4px 0px; border: 1px solid #05966940; border-radius: 6px; cursor: grab; background-color: rgb(209, 250, 229); color: rgb(5, 150, 105);"
              >
                <span
                  style="display: inline-block; width: 8px; height: 8px; border-radius: 50%; background-color: rgb(5, 150, 105); margin-right: 6px;"
                />
                reply random choice
              </div>
              <div
                data-testid="palette-action-echo"
                draggable="true"
                style="padding: 8px; margin: 4px 0px; border: 1px solid #05966940; border-radius: 6px; cursor: grab; background-color: rgb(209, 250, 229); color: rgb(5, 150, 105);"
              >
                <span
                  style="display: inline-block; width: 8px; height: 8px; border-radius: 50%; background-color: rgb(5, 150, 105); margin-right: 6px;"
                />
                echo the message
              </div>
            </div>
            <div
              class="MuiPaper-root MuiPaper-elevation MuiPaper-rounded MuiPaper-elevation1 css-1ixwgkl-MuiPaper-root"
              style="--Paper-shadow: 0px 2px 1px -1px rgba(0,0,0,0.2),0px 1px 1px 0px rgba(0,0,0,0.14),0px 1px 3px 0px rgba(0,0,0,0.12);"
            >
              <h6
                class="MuiTypography-root MuiTypography-h6 css-1miy0lu-MuiTypography-root"
              >
                Samples
              </h6>
              <span
                class="MuiTypography-root MuiTypography-caption css-mpaqru-MuiTypography-root"
              >
                Click a sample to add it as a program.
              </span>
              <button
                class="MuiButtonBase-root MuiButton-root MuiButton-outlined MuiButton-outlinedPrimary MuiButton-sizeMedium MuiButton-outlinedSizeMedium MuiButton-colorPrimary MuiButton-root MuiButton-outlined MuiButton-outlinedPrimary MuiButton-sizeMedium MuiButton-outlinedSizeMedium MuiButton-colorPrimary css-17jan90-MuiButtonBase-root-MuiButton-root"
                tabindex="0"
                type="button"
              >
                Welcome
              </button>
              <button
                class="MuiButtonBase-root MuiButton-root MuiButton-outlined MuiButton-outlinedPrimary MuiButton-sizeMedium MuiButton-outlinedSizeMedium MuiButton-colorPrimary MuiButton-root MuiButton-outlined MuiButton-outlinedPrimary MuiButton-sizeMedium MuiButton-outlinedSizeMedium MuiButton-colorPrimary css-17jan90-MuiButtonBase-root-MuiButton-root"
                tabindex="0"
                type="button"
              >
                Coin Flip
              </button>
              <button
                class="MuiButtonBase-root MuiButton-root MuiButton-outlined MuiButton-outlinedPrimary MuiButton-sizeMedium MuiButton-outlinedSizeMedium MuiButton-colorPrimary MuiButton-root MuiButton-outlined MuiButton-outlinedPrimary MuiButton-sizeMedium MuiButton-outlinedSizeMedium MuiButton-colorPrimary css-17jan90-MuiButtonBase-root-MuiButton-root"
                tabindex="0"
                type="button"
              >
                Help
              </button>
              <button
                class="MuiButtonBase-root MuiButton-root MuiButton-outlined MuiButton-outlinedPrimary MuiButton-sizeMedium MuiButton-outlinedSizeMedium MuiButton-colorPrimary MuiButton-root MuiButton-outlined MuiButton-outlinedPrimary MuiButton-sizeMedium MuiButton-outlinedSizeMedium MuiButton-colorPrimary css-17jan90-MuiButtonBase-root-MuiButton-root"
                tabindex="0"
                type="button"
              >
                Echo Clean
              </button>
              <button
                class="MuiButtonBase-root MuiButton-root MuiButton-outlined MuiButton-outlinedPrimary MuiButton-sizeMedium MuiButton-outlinedSizeMedium MuiButton-colorPrimary MuiButton-root MuiButton-outlined MuiButton-outlinedPrimary MuiButton-sizeMedium MuiButton-outlinedSizeMedium MuiButton-colorPrimary css-17jan90-MuiButtonBase-root-MuiButton-root"
                tabindex="0"
                type="button"
              >
                Shout
              </button>
              <button
                class="MuiButtonBase-root MuiButton-root MuiButton-outlined MuiButton-outlinedPrimary MuiButton-sizeMedium MuiButton-outlinedSizeMedium MuiButton-colorPrimary MuiButton-root MuiButton-outlined MuiButton-outlinedPrimary MuiButton-sizeMedium MuiButton-outlinedSizeMedium MuiButton-colorPrimary css-17jan90-MuiButtonBase-root-MuiButton-root"
                tabindex="0"
                type="button"
              >
                Short Replies
              </button>
            </div>
            <button
              class="MuiButtonBase-root MuiButton-root MuiButton-contained MuiButton-containedPrimary MuiButton-sizeMedium MuiButton-containedSizeMedium MuiButton-colorPrimary MuiButton-root MuiButton-contained MuiButton-containedPrimary MuiButton-sizeMedium MuiButton-containedSizeMedium MuiButton-colorPrimary css-8dq592-MuiButtonBase-root-MuiButton-root"
              tabindex="0"
              type="button"
            >
              + New Program
            </button>
            <p
              class="MuiTypography-root MuiTypography-body2 css-7ctihp-MuiTypography-root"
            >
              No programs yet — drag a block or load a sample above.
            </p>
          </div>
        </div>
        <footer
          class="footer MuiBox-root css-0"
        >
          <div
            class="MuiContainer-root MuiContainer-maxWidthSm css-zzzaw2-MuiContainer-root"
          >
            <p
              class="MuiTypography-root MuiTypography-body2 text_box css-7ctihp-MuiTypography-root"
            >
              Copyright ©
              <a
                class="MuiTypography-root MuiTypography-inherit MuiLink-root MuiLink-underlineAlways url css-drt9hv-MuiTypography-root-MuiLink-root"
                href="https://jh123x.com/"
              >
                Jh123x
              </a>
              2026
            </p>
          </div>
        </footer>
      </div>
    </div>
  </body>,
  "container": <div>
    <div
      class="MuiContainer-root MuiContainer-maxWidthLg MuiContainer-disableGutters css-5re47a-MuiContainer-root"
    >
      <header
        class="MuiPaper-root MuiPaper-elevation MuiPaper-elevation4 MuiAppBar-root MuiAppBar-colorPrimary MuiAppBar-positionStatic css-8qyt43-MuiPaper-root-MuiAppBar-root"
        style="--Paper-shadow: 0px 2px 4px -1px rgba(0,0,0,0.2),0px 4px 5px 0px rgba(0,0,0,0.14),0px 1px 10px 0px rgba(0,0,0,0.12);"
      >
        <div
          class="MuiToolbar-root MuiToolbar-gutters MuiToolbar-regular css-11k1kgo-MuiToolbar-root"
        >
          <h6
            class="MuiTypography-root MuiTypography-h6 css-lbrw2m-MuiTypography-root"
          >
            BrowserBot
          </h6>
          <div
            class="MuiBox-root css-i9gxme"
          >
            <div
              class="MuiTabs-root css-jhczcq-MuiTabs-root"
            >
              <div
                class="MuiTabs-scroller MuiTabs-fixed css-s2t35c-MuiTabs-scroller"
                style="overflow: hidden; margin-bottom: 0px;"
              >
                <div
                  class="MuiTabs-list MuiTabs-flexContainer css-hzcega-MuiTabs-list"
                  role="tablist"
                >
                  <button
                    aria-selected="true"
                    class="MuiButtonBase-root MuiTab-root MuiTab-textColorPrimary Mui-selected css-q047qg-MuiButtonBase-root-MuiTab-root"
                    role="tab"
                    tabindex="0"
                    type="button"
                  >
                    Programs
                  </button>
                  <button
                    aria-selected="false"
                    class="MuiButtonBase-root MuiTab-root MuiTab-textColorPrimary css-q047qg-MuiButtonBase-root-MuiTab-root"
                    role="tab"
                    tabindex="-1"
                    type="button"
                  >
                    Chat
                  </button>
                  <button
                    aria-selected="false"
                    class="MuiButtonBase-root MuiTab-root MuiTab-textColorPrimary css-q047qg-MuiButtonBase-root-MuiTab-root"
                    role="tab"
                    tabindex="-1"
                    type="button"
                  >
                    Settings
                  </button>
                  <button
                    aria-selected="false"
                    class="MuiButtonBase-root MuiTab-root MuiTab-textColorPrimary css-q047qg-MuiButtonBase-root-MuiTab-root"
                    role="tab"
                    tabindex="-1"
                    type="button"
                  >
                    Docs
                  </button>
                </div>
                <span
                  class="MuiTabs-indicator css-3igp6m-MuiTabs-indicator"
                  style="left: 0px; width: 0px;"
                />
              </div>
            </div>
          </div>
          <p
            class="MuiTypography-root MuiTypography-body1 css-rizt0-MuiTypography-root"
          >
            Bot stopped
          </p>
          <button
            class="MuiButtonBase-root MuiButton-root MuiButton-contained MuiButton-containedSuccess MuiButton-sizeMedium MuiButton-containedSizeMedium MuiButton-colorSuccess MuiButton-root MuiButton-contained MuiButton-containedSuccess MuiButton-sizeMedium MuiButton-containedSizeMedium MuiButton-colorSuccess css-1fx25q3-MuiButtonBase-root-MuiButton-root"
            tabindex="0"
            type="button"
          >
            Start
          </button>
          <button
            class="MuiButtonBase-root MuiButton-root MuiButton-contained MuiButton-containedError MuiButton-sizeMedium MuiButton-containedSizeMedium MuiButton-colorError Mui-disabled MuiButton-root MuiButton-contained MuiButton-containedError MuiButton-sizeMedium MuiButton-containedSizeMedium MuiButton-colorError css-anx6g5-MuiButtonBase-root-MuiButton-root"
            disabled=""
            tabindex="-1"
            type="button"
          >
            Stop
          </button>
        </div>
      </header>
      <div
        class="MuiContainer-root MuiContainer-maxWidthLg css-5c1adp-MuiContainer-root"
      >
        <div>
          <h3
            class="MuiTypography-root MuiTypography-h3 css-13msox4-MuiTypography-root"
          >
            Programs
          </h3>
          <p
            class="MuiTypography-root MuiTypography-body1 css-rizt0-MuiTypography-root"
          >
            Drag blocks from the palette onto a program, or click to add. When a user sends a message, the first program whose trigger matches replies with its actions.
          </p>
          <div
            class="MuiPaper-root MuiPaper-elevation MuiPaper-rounded MuiPaper-elevation1 css-1ixwgkl-MuiPaper-root"
            style="--Paper-shadow: 0px 2px 1px -1px rgba(0,0,0,0.2),0px 1px 1px 0px rgba(0,0,0,0.14),0px 1px 3px 0px rgba(0,0,0,0.12);"
          >
            <h6
              class="MuiTypography-root MuiTypography-h6 css-1miy0lu-MuiTypography-root"
            >
              Blocks
            </h6>
            <span
              class="MuiTypography-root MuiTypography-caption css-mpaqru-MuiTypography-root"
            >
              Drag a block onto a program below.
            </span>
            <h6
              class="MuiTypography-root MuiTypography-subtitle2 css-1q4tb3w-MuiTypography-root"
            >
              <span
                style="display: inline-block; width: 8px; height: 8px; border-radius: 50%; background-color: rgb(37, 99, 235); margin-right: 6px;"
              />
              Triggers
            </h6>
            <div
              data-testid="palette-trigger-equals"
              draggable="true"
              style="padding: 8px; margin: 4px 0px; border: 1px solid #2563eb40; border-radius: 6px; cursor: grab; background-color: rgb(219, 234, 254); color: rgb(37, 99, 235);"
            >
              <span
                style="display: inline-block; width: 8px; height: 8px; border-radius: 50%; background-color: rgb(37, 99, 235); margin-right: 6px;"
              />
              When 
              message equals
            </div>
            <div
              data-testid="palette-trigger-contains"
              draggable="true"
              style="padding: 8px; margin: 4px 0px; border: 1px solid #2563eb40; border-radius: 6px; cursor: grab; background-color: rgb(219, 234, 254); color: rgb(37, 99, 235);"
            >
              <span
                style="display: inline-block; width: 8px; height: 8px; border-radius: 50%; background-color: rgb(37, 99, 235); margin-right: 6px;"
              />
              When 
              message contains
            </div>
            <div
              data-testid="palette-trigger-startsWith"
              draggable="true"
              style="padding: 8px; margin: 4px 0px; border: 1px solid #2563eb40; border-radius: 6px; cursor: grab; background-color: rgb(219, 234, 254); color: rgb(37, 99, 235);"
            >
              <span
                style="display: inline-block; width: 8px; height: 8px; border-radius: 50%; background-color: rgb(37, 99, 235); margin-right: 6px;"
              />
              When 
              message starts with
            </div>
            <div
              data-testid="palette-trigger-endsWith"
              draggable="true"
              style="padding: 8px; margin: 4px 0px; border: 1px solid #2563eb40; border-radius: 6px; cursor: grab; background-color: rgb(219, 234, 254); color: rgb(37, 99, 235);"
            >
              <span
                style="display: inline-block; width: 8px; height: 8px; border-radius: 50%; background-color: rgb(37, 99, 235); margin-right: 6px;"
              />
              When 
              message ends with
            </div>
            <h6
              class="MuiTypography-root MuiTypography-subtitle2 css-1m5vqf5-MuiTypography-root"
            >
              <span
                style="display: inline-block; width: 8px; height: 8px; border-radius: 50%; background-color: rgb(217, 119, 6); margin-right: 6px;"
              />
              Logic
            </h6>
            <div
              data-testid="palette-logic-lengthGreater"
              draggable="true"
              style="padding: 8px; margin: 4px 0px; border: 1px solid #d9770640; border-radius: 6px; cursor: grab; background-color: rgb(254, 243, 199); color: rgb(217, 119, 6);"
            >
              <span
                style="display: inline-block; width: 8px; height: 8px; border-radius: 50%; background-color: rgb(217, 119, 6); margin-right: 6px;"
              />
              message length is greater than
            </div>
            <div
              data-testid="palette-logic-lengthLess"
              draggable="true"
              style="padding: 8px; margin: 4px 0px; border: 1px solid #d9770640; border-radius: 6px; cursor: grab; background-color: rgb(254, 243, 199); color: rgb(217, 119, 6);"
            >
              <span
                style="display: inline-block; width: 8px; height: 8px; border-radius: 50%; background-color: rgb(217, 119, 6); margin-right: 6px;"
              />
              message length is less than
            </div>
            <div
              data-testid="palette-logic-matchesRegex"
              draggable="true"
              style="padding: 8px; margin: 4px 0px; border: 1px solid #d9770640; border-radius: 6px; cursor: grab; background-color: rgb(254, 243, 199); color: rgb(217, 119, 6);"
            >
              <span
                style="display: inline-block; width: 8px; height: 8px; border-radius: 50%; background-color: rgb(217, 119, 6); margin-right: 6px;"
              />
              message matches regex
            </div>
            <h6
              class="MuiTypography-root MuiTypography-subtitle2 css-1m5vqf5-MuiTypography-root"
            >
              <span
                style="display: inline-block; width: 8px; height: 8px; border-radius: 50%; background-color: rgb(124, 58, 237); margin-right: 6px;"
              />
              Transform
            </h6>
            <div
              data-testid="palette-transform-uppercase"
              draggable="true"
              style="padding: 8px; margin: 4px 0px; border: 1px solid #7c3aed40; border-radius: 6px; cursor: grab; background-color: rgb(237, 233, 254); color: rgb(124, 58, 237);"
            >
              <span
                style="display: inline-block; width: 8px; height: 8px; border-radius: 50%; background-color: rgb(124, 58, 237); margin-right: 6px;"
              />
              make uppercase
            </div>
            <div
              data-testid="palette-transform-lowercase"
              draggable="true"
              style="padding: 8px; margin: 4px 0px; border: 1px solid #7c3aed40; border-radius: 6px; cursor: grab; background-color: rgb(237, 233, 254); color: rgb(124, 58, 237);"
            >
              <span
                style="display: inline-block; width: 8px; height: 8px; border-radius: 50%; background-color: rgb(124, 58, 237); margin-right: 6px;"
              />
              make lowercase
            </div>
            <div
              data-testid="palette-transform-trim"
              draggable="true"
              style="padding: 8px; margin: 4px 0px; border: 1px solid #7c3aed40; border-radius: 6px; cursor: grab; background-color: rgb(237, 233, 254); color: rgb(124, 58, 237);"
            >
              <span
                style="display: inline-block; width: 8px; height: 8px; border-radius: 50%; background-color: rgb(124, 58, 237); margin-right: 6px;"
              />
              trim whitespace
            </div>
            <div
              data-testid="palette-transform-replace"
              draggable="true"
              style="padding: 8px; margin: 4px 0px; border: 1px solid #7c3aed40; border-radius: 6px; cursor: grab; background-color: rgb(237, 233, 254); color: rgb(124, 58, 237);"
            >
              <span
                style="display: inline-block; width: 8px; height: 8px; border-radius: 50%; background-color: rgb(124, 58, 237); margin-right: 6px;"
              />
              replace text
            </div>
            <h6
              class="MuiTypography-root MuiTypography-subtitle2 css-1m5vqf5-MuiTypography-root"
            >
              <span
                style="display: inline-block; width: 8px; height: 8px; border-radius: 50%; background-color: rgb(5, 150, 105); margin-right: 6px;"
              />
              Action
            </h6>
            <div
              data-testid="palette-action-reply"
              draggable="true"
              style="padding: 8px; margin: 4px 0px; border: 1px solid #05966940; border-radius: 6px; cursor: grab; background-color: rgb(209, 250, 229); color: rgb(5, 150, 105);"
            >
              <span
                style="display: inline-block; width: 8px; height: 8px; border-radius: 50%; background-color: rgb(5, 150, 105); margin-right: 6px;"
              />
              reply with text
            </div>
            <div
              data-testid="palette-action-random"
              draggable="true"
              style="padding: 8px; margin: 4px 0px; border: 1px solid #05966940; border-radius: 6px; cursor: grab; background-color: rgb(209, 250, 229); color: rgb(5, 150, 105);"
            >
              <span
                style="display: inline-block; width: 8px; height: 8px; border-radius: 50%; background-color: rgb(5, 150, 105); margin-right: 6px;"
              />
              reply random choice
            </div>
            <div
              data-testid="palette-action-echo"
              draggable="true"
              style="padding: 8px; margin: 4px 0px; border: 1px solid #05966940; border-radius: 6px; cursor: grab; background-color: rgb(209, 250, 229); color: rgb(5, 150, 105);"
            >
              <span
                style="display: inline-block; width: 8px; height: 8px; border-radius: 50%; background-color: rgb(5, 150, 105); margin-right: 6px;"
              />
              echo the message
            </div>
          </div>
          <div
            class="MuiPaper-root MuiPaper-elevation MuiPaper-rounded MuiPaper-elevation1 css-1ixwgkl-MuiPaper-root"
            style="--Paper-shadow: 0px 2px 1px -1px rgba(0,0,0,0.2),0px 1px 1px 0px rgba(0,0,0,0.14),0px 1px 3px 0px rgba(0,0,0,0.12);"
          >
            <h6
              class="MuiTypography-root MuiTypography-h6 css-1miy0lu-MuiTypography-root"
            >
              Samples
            </h6>
            <span
              class="MuiTypography-root MuiTypography-caption css-mpaqru-MuiTypography-root"
            >
              Click a sample to add it as a program.
            </span>
            <button
              class="MuiButtonBase-root MuiButton-root MuiButton-outlined MuiButton-outlinedPrimary MuiButton-sizeMedium MuiButton-outlinedSizeMedium MuiButton-colorPrimary MuiButton-root MuiButton-outlined MuiButton-outlinedPrimary MuiButton-sizeMedium MuiButton-outlinedSizeMedium MuiButton-colorPrimary css-17jan90-MuiButtonBase-root-MuiButton-root"
              tabindex="0"
              type="button"
            >
              Welcome
            </button>
            <button
              class="MuiButtonBase-root MuiButton-root MuiButton-outlined MuiButton-outlinedPrimary MuiButton-sizeMedium MuiButton-outlinedSizeMedium MuiButton-colorPrimary MuiButton-root MuiButton-outlined MuiButton-outlinedPrimary MuiButton-sizeMedium MuiButton-outlinedSizeMedium MuiButton-colorPrimary css-17jan90-MuiButtonBase-root-MuiButton-root"
              tabindex="0"
              type="button"
            >
              Coin Flip
            </button>
            <button
              class="MuiButtonBase-root MuiButton-root MuiButton-outlined MuiButton-outlinedPrimary MuiButton-sizeMedium MuiButton-outlinedSizeMedium MuiButton-colorPrimary MuiButton-root MuiButton-outlined MuiButton-outlinedPrimary MuiButton-sizeMedium MuiButton-outlinedSizeMedium MuiButton-colorPrimary css-17jan90-MuiButtonBase-root-MuiButton-root"
              tabindex="0"
              type="button"
            >
              Help
            </button>
            <button
              class="MuiButtonBase-root MuiButton-root MuiButton-outlined MuiButton-outlinedPrimary MuiButton-sizeMedium MuiButton-outlinedSizeMedium MuiButton-colorPrimary MuiButton-root MuiButton-outlined MuiButton-outlinedPrimary MuiButton-sizeMedium MuiButton-outlinedSizeMedium MuiButton-colorPrimary css-17jan90-MuiButtonBase-root-MuiButton-root"
              tabindex="0"
              type="button"
            >
              Echo Clean
            </button>
            <button
              class="MuiButtonBase-root MuiButton-root MuiButton-outlined MuiButton-outlinedPrimary MuiButton-sizeMedium MuiButton-outlinedSizeMedium MuiButton-colorPrimary MuiButton-root MuiButton-outlined MuiButton-outlinedPrimary MuiButton-sizeMedium MuiButton-outlinedSizeMedium MuiButton-colorPrimary css-17jan90-MuiButtonBase-root-MuiButton-root"
              tabindex="0"
              type="button"
            >
              Shout
            </button>
            <button
              class="MuiButtonBase-root MuiButton-root MuiButton-outlined MuiButton-outlinedPrimary MuiButton-sizeMedium MuiButton-outlinedSizeMedium MuiButton-colorPrimary MuiButton-root MuiButton-outlined MuiButton-outlinedPrimary MuiButton-sizeMedium MuiButton-outlinedSizeMedium MuiButton-colorPrimary css-17jan90-MuiButtonBase-root-MuiButton-root"
              tabindex="0"
              type="button"
            >
              Short Replies
            </button>
          </div>
          <button
            class="MuiButtonBase-root MuiButton-root MuiButton-contained MuiButton-containedPrimary MuiButton-sizeMedium MuiButton-containedSizeMedium MuiButton-colorPrimary MuiButton-root MuiButton-contained MuiButton-containedPrimary MuiButton-sizeMedium MuiButton-containedSizeMedium MuiButton-colorPrimary css-8dq592-MuiButtonBase-root-MuiButton-root"
            tabindex="0"
            type="button"
          >
            + New Program
          </button>
          <p
            class="MuiTypography-root MuiTypography-body2 css-7ctihp-MuiTypography-root"
          >
            No programs yet — drag a block or load a sample above.
          </p>
        </div>
      </div>
      <footer
        class="footer MuiBox-root css-0"
      >
        <div
          class="MuiContainer-root MuiContainer-maxWidthSm css-zzzaw2-MuiContainer-root"
        >
          <p
            class="MuiTypography-root MuiTypography-body2 text_box css-7ctihp-MuiTypography-root"
          >
            Copyright ©
            <a
              class="MuiTypography-root MuiTypography-inherit MuiLink-root MuiLink-underlineAlways url css-drt9hv-MuiTypography-root-MuiLink-root"
              href="https://jh123x.com/"
            >
              Jh123x
            </a>
            2026
          </p>
        </div>
      </footer>
    </div>
  </div>,
  "debug": [Function],
  "findAllByAltText": [Function],
  "findAllByDisplayValue": [Function],
  "findAllByLabelText": [Function],
  "findAllByPlaceholderText": [Function],
  "findAllByRole": [Function],
  "findAllByTestId": [Function],
  "findAllByText": [Function],
  "findAllByTitle": [Function],
  "findByAltText": [Function],
  "findByDisplayValue": [Function],
  "findByLabelText": [Function],
  "findByPlaceholderText": [Function],
  "findByRole": [Function],
  "findByTestId": [Function],
  "findByText": [Function],
  "findByTitle": [Function],
  "getAllByAltText": [Function],
  "getAllByDisplayValue": [Function],
  "getAllByLabelText": [Function],
  "getAllByPlaceholderText": [Function],
  "getAllByRole": [Function],
  "getAllByTestId": [Function],
  "getAllByText": [Function],
  "getAllByTitle": [Function],
  "getByAltText": [Function],
  "getByDisplayValue": [Function],
  "getByLabelText": [Function],
  "getByPlaceholderText": [Function],
  "getByRole": [Function],
  "getByTestId": [Function],
  "getByText": [Function],
  "getByTitle": [Function],
  "queryAllByAltText": [Function],
  "queryAllByDisplayValue": [Function],
  "queryAllByLabelText": [Function],
  "queryAllByPlaceholderText": [Function],
  "queryAllByRole": [Function],
  "queryAllByTestId": [Function],
  "queryAllByText": [Function],
  "queryAllByTitle": [Function],
  "queryByAltText": [Function],
  "queryByDisplayValue": [Function],
  "queryByLabelText": [Function],
  "queryByPlaceholderText": [Function],
  "queryByRole": [Function],
  "queryByTestId": [Function],
  "queryByText": [Function],
  "queryByTitle": [Function],
  "rerender": [Function],
  "store": Object {
    "@@observable": [Function],
    "dispatch": [Function],
    "getState": [Function],
    "replaceReducer": [Function],
    "subscribe": [Function],
  },
  "unmount": [Function],
}
`;
