// Jest Snapshot v1, https://goo.gl/fbAQLP

exports[`renders bot interface correctly 1`] = `
Object {
  "asFragment": [Function],
  "baseElement": <body>
    <div>
      <div>
        <h3
          class="MuiTypography-root MuiTypography-h3 css-13msox4-MuiTypography-root"
        >
          Programs
        </h3>
        <p
          class="MuiTypography-root MuiTypography-body1 css-rizt0-MuiTypography-root"
        >
          Drag blocks from the palette onto a program, or click to add. When a user sends a message, the first program whose trigger matches replies with its actions.
        </p>
        <div
          class="MuiPaper-root MuiPaper-elevation MuiPaper-rounded MuiPaper-elevation1 css-1fdopfm-MuiPaper-root"
          style="--Paper-shadow: 0px 2px 1px -1px rgba(0,0,0,0.2),0px 1px 1px 0px rgba(0,0,0,0.14),0px 1px 3px 0px rgba(0,0,0,0.12);"
        >
          <h6
            class="MuiTypography-root MuiTypography-h6 css-1miy0lu-MuiTypography-root"
          >
            Blocks
          </h6>
          <span
            class="MuiTypography-root MuiTypography-caption css-mpaqru-MuiTypography-root"
          >
            Drag a block onto a program below.
          </span>
          <h6
            class="MuiTypography-root MuiTypography-subtitle2 css-1ypmsg6-MuiTypography-root"
          >
            Triggers
          </h6>
          <div
            data-testid="palette-trigger-equals"
            draggable="true"
            style="padding: 8px; margin: 4px 0px; border: 1px solid #ccc; border-radius: 4px; cursor: grab; background-color: rgb(245, 245, 245);"
          >
            When 
            message equals
          </div>
          <div
            data-testid="palette-trigger-contains"
            draggable="true"
            style="padding: 8px; margin: 4px 0px; border: 1px solid #ccc; border-radius: 4px; cursor: grab; background-color: rgb(245, 245, 245);"
          >
            When 
            message contains
          </div>
          <div
            data-testid="palette-trigger-startsWith"
            draggable="true"
            style="padding: 8px; margin: 4px 0px; border: 1px solid #ccc; border-radius: 4px; cursor: grab; background-color: rgb(245, 245, 245);"
          >
            When 
            message starts with
          </div>
          <h6
            class="MuiTypography-root MuiTypography-subtitle2 css-1ypmsg6-MuiTypography-root"
          >
            Actions
          </h6>
          <div
            data-testid="palette-action-reply"
            draggable="true"
            style="padding: 8px; margin: 4px 0px; border: 1px solid #ccc; border-radius: 4px; cursor: grab; background-color: rgb(245, 245, 245);"
          >
            reply with text
          </div>
          <div
            data-testid="palette-action-random"
            draggable="true"
            style="padding: 8px; margin: 4px 0px; border: 1px solid #ccc; border-radius: 4px; cursor: grab; background-color: rgb(245, 245, 245);"
          >
            reply random choice
          </div>
          <div
            data-testid="palette-action-echo"
            draggable="true"
            style="padding: 8px; margin: 4px 0px; border: 1px solid #ccc; border-radius: 4px; cursor: grab; background-color: rgb(245, 245, 245);"
          >
            echo the message
          </div>
        </div>
        <div
          class="MuiPaper-root MuiPaper-elevation MuiPaper-rounded MuiPaper-elevation1 css-1fdopfm-MuiPaper-root"
          style="--Paper-shadow: 0px 2px 1px -1px rgba(0,0,0,0.2),0px 1px 1px 0px rgba(0,0,0,0.14),0px 1px 3px 0px rgba(0,0,0,0.12);"
        >
          <h6
            class="MuiTypography-root MuiTypography-h6 css-1miy0lu-MuiTypography-root"
          >
            Samples
          </h6>
          <span
            class="MuiTypography-root MuiTypography-caption css-mpaqru-MuiTypography-root"
          >
            Click a sample to add it as a program.
          </span>
          <button
            class="MuiButtonBase-root MuiButton-root MuiButton-outlined MuiButton-outlinedPrimary MuiButton-sizeMedium MuiButton-outlinedSizeMedium MuiButton-colorPrimary MuiButton-root MuiButton-outlined MuiButton-outlinedPrimary MuiButton-sizeMedium MuiButton-outlinedSizeMedium MuiButton-colorPrimary css-1blvszr-MuiButtonBase-root-MuiButton-root"
            tabindex="0"
            type="button"
          >
            Welcome
          </button>
          <button
            class="MuiButtonBase-root MuiButton-root MuiButton-outlined MuiButton-outlinedPrimary MuiButton-sizeMedium MuiButton-outlinedSizeMedium MuiButton-colorPrimary MuiButton-root MuiButton-outlined MuiButton-outlinedPrimary MuiButton-sizeMedium MuiButton-outlinedSizeMedium MuiButton-colorPrimary css-1blvszr-MuiButtonBase-root-MuiButton-root"
            tabindex="0"
            type="button"
          >
            Coin Flip
          </button>
          <button
            class="MuiButtonBase-root MuiButton-root MuiButton-outlined MuiButton-outlinedPrimary MuiButton-sizeMedium MuiButton-outlinedSizeMedium MuiButton-colorPrimary MuiButton-root MuiButton-outlined MuiButton-outlinedPrimary MuiButton-sizeMedium MuiButton-outlinedSizeMedium MuiButton-colorPrimary css-1blvszr-MuiButtonBase-root-MuiButton-root"
            tabindex="0"
            type="button"
          >
            Help
          </button>
          <button
            class="MuiButtonBase-root MuiButton-root MuiButton-outlined MuiButton-outlinedPrimary MuiButton-sizeMedium MuiButton-outlinedSizeMedium MuiButton-colorPrimary MuiButton-root MuiButton-outlined MuiButton-outlinedPrimary MuiButton-sizeMedium MuiButton-outlinedSizeMedium MuiButton-colorPrimary css-1blvszr-MuiButtonBase-root-MuiButton-root"
            tabindex="0"
            type="button"
          >
            Echo
          </button>
        </div>
        <button
          class="MuiButtonBase-root MuiButton-root MuiButton-contained MuiButton-containedPrimary MuiButton-sizeMedium MuiButton-containedSizeMedium MuiButton-colorPrimary MuiButton-root MuiButton-contained MuiButton-containedPrimary MuiButton-sizeMedium MuiButton-containedSizeMedium MuiButton-colorPrimary css-74d805-MuiButtonBase-root-MuiButton-root"
          tabindex="0"
          type="button"
        >
          + New Program
        </button>
        <p
          class="MuiTypography-root MuiTypography-body2 css-7ctihp-MuiTypography-root"
        >
          No programs yet — drag a block or load a sample above.
        </p>
      </div>
      <br />
    </div>
  </body>,
  "container": <div>
    <div>
      <h3
        class="MuiTypography-root MuiTypography-h3 css-13msox4-MuiTypography-root"
      >
        Programs
      </h3>
      <p
        class="MuiTypography-root MuiTypography-body1 css-rizt0-MuiTypography-root"
      >
        Drag blocks from the palette onto a program, or click to add. When a user sends a message, the first program whose trigger matches replies with its actions.
      </p>
      <div
        class="MuiPaper-root MuiPaper-elevation MuiPaper-rounded MuiPaper-elevation1 css-1fdopfm-MuiPaper-root"
        style="--Paper-shadow: 0px 2px 1px -1px rgba(0,0,0,0.2),0px 1px 1px 0px rgba(0,0,0,0.14),0px 1px 3px 0px rgba(0,0,0,0.12);"
      >
        <h6
          class="MuiTypography-root MuiTypography-h6 css-1miy0lu-MuiTypography-root"
        >
          Blocks
        </h6>
        <span
          class="MuiTypography-root MuiTypography-caption css-mpaqru-MuiTypography-root"
        >
          Drag a block onto a program below.
        </span>
        <h6
          class="MuiTypography-root MuiTypography-subtitle2 css-1ypmsg6-MuiTypography-root"
        >
          Triggers
        </h6>
        <div
          data-testid="palette-trigger-equals"
          draggable="true"
          style="padding: 8px; margin: 4px 0px; border: 1px solid #ccc; border-radius: 4px; cursor: grab; background-color: rgb(245, 245, 245);"
        >
          When 
          message equals
        </div>
        <div
          data-testid="palette-trigger-contains"
          draggable="true"
          style="padding: 8px; margin: 4px 0px; border: 1px solid #ccc; border-radius: 4px; cursor: grab; background-color: rgb(245, 245, 245);"
        >
          When 
          message contains
        </div>
        <div
          data-testid="palette-trigger-startsWith"
          draggable="true"
          style="padding: 8px; margin: 4px 0px; border: 1px solid #ccc; border-radius: 4px; cursor: grab; background-color: rgb(245, 245, 245);"
        >
          When 
          message starts with
        </div>
        <h6
          class="MuiTypography-root MuiTypography-subtitle2 css-1ypmsg6-MuiTypography-root"
        >
          Actions
        </h6>
        <div
          data-testid="palette-action-reply"
          draggable="true"
          style="padding: 8px; margin: 4px 0px; border: 1px solid #ccc; border-radius: 4px; cursor: grab; background-color: rgb(245, 245, 245);"
        >
          reply with text
        </div>
        <div
          data-testid="palette-action-random"
          draggable="true"
          style="padding: 8px; margin: 4px 0px; border: 1px solid #ccc; border-radius: 4px; cursor: grab; background-color: rgb(245, 245, 245);"
        >
          reply random choice
        </div>
        <div
          data-testid="palette-action-echo"
          draggable="true"
          style="padding: 8px; margin: 4px 0px; border: 1px solid #ccc; border-radius: 4px; cursor: grab; background-color: rgb(245, 245, 245);"
        >
          echo the message
        </div>
      </div>
      <div
        class="MuiPaper-root MuiPaper-elevation MuiPaper-rounded MuiPaper-elevation1 css-1fdopfm-MuiPaper-root"
        style="--Paper-shadow: 0px 2px 1px -1px rgba(0,0,0,0.2),0px 1px 1px 0px rgba(0,0,0,0.14),0px 1px 3px 0px rgba(0,0,0,0.12);"
      >
        <h6
          class="MuiTypography-root MuiTypography-h6 css-1miy0lu-MuiTypography-root"
        >
          Samples
        </h6>
        <span
          class="MuiTypography-root MuiTypography-caption css-mpaqru-MuiTypography-root"
        >
          Click a sample to add it as a program.
        </span>
        <button
          class="MuiButtonBase-root MuiButton-root MuiButton-outlined MuiButton-outlinedPrimary MuiButton-sizeMedium MuiButton-outlinedSizeMedium MuiButton-colorPrimary MuiButton-root MuiButton-outlined MuiButton-outlinedPrimary MuiButton-sizeMedium MuiButton-outlinedSizeMedium MuiButton-colorPrimary css-1blvszr-MuiButtonBase-root-MuiButton-root"
          tabindex="0"
          type="button"
        >
          Welcome
        </button>
        <button
          class="MuiButtonBase-root MuiButton-root MuiButton-outlined MuiButton-outlinedPrimary MuiButton-sizeMedium MuiButton-outlinedSizeMedium MuiButton-colorPrimary MuiButton-root MuiButton-outlined MuiButton-outlinedPrimary MuiButton-sizeMedium MuiButton-outlinedSizeMedium MuiButton-colorPrimary css-1blvszr-MuiButtonBase-root-MuiButton-root"
          tabindex="0"
          type="button"
        >
          Coin Flip
        </button>
        <button
          class="MuiButtonBase-root MuiButton-root MuiButton-outlined MuiButton-outlinedPrimary MuiButton-sizeMedium MuiButton-outlinedSizeMedium MuiButton-colorPrimary MuiButton-root MuiButton-outlined MuiButton-outlinedPrimary MuiButton-sizeMedium MuiButton-outlinedSizeMedium MuiButton-colorPrimary css-1blvszr-MuiButtonBase-root-MuiButton-root"
          tabindex="0"
          type="button"
        >
          Help
        </button>
        <button
          class="MuiButtonBase-root MuiButton-root MuiButton-outlined MuiButton-outlinedPrimary MuiButton-sizeMedium MuiButton-outlinedSizeMedium MuiButton-colorPrimary MuiButton-root MuiButton-outlined MuiButton-outlinedPrimary MuiButton-sizeMedium MuiButton-outlinedSizeMedium MuiButton-colorPrimary css-1blvszr-MuiButtonBase-root-MuiButton-root"
          tabindex="0"
          type="button"
        >
          Echo
        </button>
      </div>
      <button
        class="MuiButtonBase-root MuiButton-root MuiButton-contained MuiButton-containedPrimary MuiButton-sizeMedium MuiButton-containedSizeMedium MuiButton-colorPrimary MuiButton-root MuiButton-contained MuiButton-containedPrimary MuiButton-sizeMedium MuiButton-containedSizeMedium MuiButton-colorPrimary css-74d805-MuiButtonBase-root-MuiButton-root"
        tabindex="0"
        type="button"
      >
        + New Program
      </button>
      <p
        class="MuiTypography-root MuiTypography-body2 css-7ctihp-MuiTypography-root"
      >
        No programs yet — drag a block or load a sample above.
      </p>
    </div>
    <br />
  </div>,
  "debug": [Function],
  "findAllByAltText": [Function],
  "findAllByDisplayValue": [Function],
  "findAllByLabelText": [Function],
  "findAllByPlaceholderText": [Function],
  "findAllByRole": [Function],
  "findAllByTestId": [Function],
  "findAllByText": [Function],
  "findAllByTitle": [Function],
  "findByAltText": [Function],
  "findByDisplayValue": [Function],
  "findByLabelText": [Function],
  "findByPlaceholderText": [Function],
  "findByRole": [Function],
  "findByTestId": [Function],
  "findByText": [Function],
  "findByTitle": [Function],
  "getAllByAltText": [Function],
  "getAllByDisplayValue": [Function],
  "getAllByLabelText": [Function],
  "getAllByPlaceholderText": [Function],
  "getAllByRole": [Function],
  "getAllByTestId": [Function],
  "getAllByText": [Function],
  "getAllByTitle": [Function],
  "getByAltText": [Function],
  "getByDisplayValue": [Function],
  "getByLabelText": [Function],
  "getByPlaceholderText": [Function],
  "getByRole": [Function],
  "getByTestId": [Function],
  "getByText": [Function],
  "getByTitle": [Function],
  "queryAllByAltText": [Function],
  "queryAllByDisplayValue": [Function],
  "queryAllByLabelText": [Function],
  "queryAllByPlaceholderText": [Function],
  "queryAllByRole": [Function],
  "queryAllByTestId": [Function],
  "queryAllByText": [Function],
  "queryAllByTitle": [Function],
  "queryByAltText": [Function],
  "queryByDisplayValue": [Function],
  "queryByLabelText": [Function],
  "queryByPlaceholderText": [Function],
  "queryByRole": [Function],
  "queryByTestId": [Function],
  "queryByText": [Function],
  "queryByTitle": [Function],
  "rerender": [Function],
  "store": Object {
    "@@observable": [Function],
    "dispatch": [Function],
    "getState": [Function],
    "replaceReducer": [Function],
    "subscribe": [Function],
  },
  "unmount": [Function],
}
`;
